// Jest Snapshot v1, https://goo.gl/fbAQLP

exports[`tests work 1`] = `<div />`;
